// Jest Snapshot v1, https://goo.gl/fbAQLP

exports[`Airspeed should render correctly 1`] = `
<DocumentFragment>
  <div
    class="css-63it0p css-jwhr8m css-vam97m bb-Box"
  >
    <svg
      data-asset="SpeedMechanics"
    />
    <svg
      data-asset="FiNeedle"
      data-testid="indicator-needle"
      style="transform: rotate(290deg);"
    />
    <svg
      data-asset="FiCircle"
    />
  </div>
</DocumentFragment>
`;
